
> Configure project :app
ksp-2.0.21-1.0.27 is too new for kotlin-2.0.0. Please upgrade kotlin-gradle-plugin to 2.0.21.
ksp-2.0.21-1.0.27 is too new for kotlin-2.0.0. Please upgrade kotlin-gradle-plugin to 2.0.21.
ksp-2.0.21-1.0.27 is too new for kotlin-2.0.0. Please upgrade kotlin-gradle-plugin to 2.0.21.
ksp-2.0.21-1.0.27 is too new for kotlin-2.0.0. Please upgrade kotlin-gradle-plugin to 2.0.21.
ksp-2.0.21-1.0.27 is too new for kotlin-2.0.0. Please upgrade kotlin-gradle-plugin to 2.0.21.
ksp-2.0.21-1.0.27 is too new for kotlin-2.0.0. Please upgrade kotlin-gradle-plugin to 2.0.21.
ksp-2.0.21-1.0.27 is too new for kotlin-2.0.0. Please upgrade kotlin-gradle-plugin to 2.0.21.
ksp-2.0.21-1.0.27 is too new for kotlin-2.0.0. Please upgrade kotlin-gradle-plugin to 2.0.21.
ksp-2.0.21-1.0.27 is too new for kotlin-2.0.0. Please upgrade kotlin-gradle-plugin to 2.0.21.
ksp-2.0.21-1.0.27 is too new for kotlin-2.0.0. Please upgrade kotlin-gradle-plugin to 2.0.21.

> Task :app:checkKotlinGradlePluginConfigurationErrors SKIPPED
> Task :app:preBuild UP-TO-DATE
> Task :app:preDebugBuild UP-TO-DATE
> Task :app:checkDebugAarMetadata UP-TO-DATE
> Task :app:generateDebugResValues UP-TO-DATE
> Task :app:mapDebugSourceSetPaths UP-TO-DATE
> Task :app:generateDebugResources UP-TO-DATE
> Task :app:mergeDebugResources UP-TO-DATE
> Task :app:packageDebugResources UP-TO-DATE
> Task :app:parseDebugLocalResources UP-TO-DATE
> Task :app:createDebugCompatibleScreenManifests UP-TO-DATE
> Task :app:extractDeepLinksDebug UP-TO-DATE
> Task :app:processDebugMainManifest UP-TO-DATE
> Task :app:processDebugManifest UP-TO-DATE
> Task :app:processDebugManifestForPackage UP-TO-DATE
> Task :app:processDebugResources UP-TO-DATE
> Task :app:kspDebugKotlin UP-TO-DATE

> Task :app:compileDebugKotlin FAILED
.\gradlew : e: file:///C:/Users/lucia/AndroidStudioProjects/VitalCareApp1/app/src/main/java/cl/duoc/app/data/api/ExamplesAndPatterns.kt:184:50 Unresolved reference 'async'.
En línea: 1 Carácter: 84
+ ... ilando..."; .\gradlew compileDebugKotlin -x test 2>&1 > compile_outpu ...
+                 ~~~~~~~~~~~~~~~~~~~~~~~~~~~~~~~~~~~~~~~~~~~~~~~~~~~~~~~~~
    + CategoryInfo          : NotSpecified: (e: file:///C:/U...erence 'async'.:String) [], RemoteException
    + FullyQualifiedErrorId : NativeCommandError
 
e: file:///C:/Users/lucia/AndroidStudioProjects/VitalCareApp1/app/src/main/java/cl/duoc/app/data/api/ExamplesAndPatterns.kt:185:24 Suspension functions can only be called within 
coroutine body.
e: file:///C:/Users/lucia/AndroidStudioProjects/VitalCareApp1/app/src/main/java/cl/duoc/app/data/api/ExamplesAndPatterns.kt:187:54 Unresolved reference 'async'.
e: file:///C:/Users/lucia/AndroidStudioProjects/VitalCareApp1/app/src/main/java/cl/duoc/app/data/api/ExamplesAndPatterns.kt:188:26 Suspension functions can only be called within 
coroutine body.
e: file:///C:/Users/lucia/AndroidStudioProjects/VitalCareApp1/app/src/main/java/cl/duoc/app/data/api/ExamplesAndPatterns.kt:190:50 Unresolved reference 'async'.
e: file:///C:/Users/lucia/AndroidStudioProjects/VitalCareApp1/app/src/main/java/cl/duoc/app/data/api/ExamplesAndPatterns.kt:191:24 Suspension functions can only be called within 
coroutine body.
e: file:///C:/Users/lucia/AndroidStudioProjects/VitalCareApp1/app/src/main/java/cl/duoc/app/data/repository/ApiRepositories.kt:372:103 Argument type mismatch: actual type is 
'kotlin.Throwable', but 'kotlin.Exception' was expected.
e: file:///C:/Users/lucia/AndroidStudioProjects/VitalCareApp1/app/src/main/java/cl/duoc/app/data/repository/ApiRepositories.kt:376:95 Argument type mismatch: actual type is 
'kotlin.Throwable', but 'kotlin.Exception' was expected.
e: file:///C:/Users/lucia/AndroidStudioProjects/VitalCareApp1/app/src/main/java/cl/duoc/app/data/repository/ApiRepositories.kt:385:12 Redeclaration:
data class PacienteCompleteData : Any
e: file:///C:/Users/lucia/AndroidStudioProjects/VitalCareApp1/app/src/main/java/cl/duoc/app/data/repository/ApiRepositories.kt:419:12 Redeclaration:
data class PacienteCompleteData : Any
e: file:///C:/Users/lucia/AndroidStudioProjects/VitalCareApp1/app/src/main/java/cl/duoc/app/ui/alerts/AlertasScreen.kt:381:46 Unresolved reference 'border'.

FAILURE: Build failed with an exception.

* What went wrong:
Execution failed for task ':app:compileDebugKotlin'.
> A failure occurred while executing org.jetbrains.kotlin.compilerRunner.GradleCompilerRunnerWithWorkers$GradleKotlinCompilerWorkAction
   > Compilation error. See log for more details

* Try:
> Run with --stacktrace option to get the stack trace.
> Run with --info or --debug option to get more log output.
> Run with --scan to get full insights.
> Get more help at https://help.gradle.org.

BUILD FAILED in 4s
15 actionable tasks: 1 executed, 14 up-to-date
